# serializer version: 1
# name: test_data_without_some_gps_coordinates
  list([
    dict({
      'BUCKETED_H3_L0': '8029fffffffffff',
      'BUCKETED_H3_L1': '81283ffffffffff',
      'BUCKETED_H3_L10': '8a283082800ffff',
      'BUCKETED_H3_L11': '8b283082800bfff',
      'BUCKETED_H3_L12': '8c283082800b3ff',
      'BUCKETED_H3_L13': '8d283082800b3bf',
      'BUCKETED_H3_L14': '8e283082800b397',
      'BUCKETED_H3_L15': '8f283082800b390',
      'BUCKETED_H3_L2': '822837fffffffff',
      'BUCKETED_H3_L3': '832830fffffffff',
      'BUCKETED_H3_L4': '8428309ffffffff',
      'BUCKETED_H3_L5': '85283083fffffff',
      'BUCKETED_H3_L6': '86283082fffffff',
      'BUCKETED_H3_L7': '872830828ffffff',
      'BUCKETED_H3_L8': '8828308281fffff',
      'BUCKETED_H3_L9': '89283082803ffff',
      'BUCKETED_TIMESTAMP_DAY': Timestamp('2024-01-01 00:00:00+0000', tz='UTC'),
      'BUCKETED_TIMESTAMP_HOUR': Timestamp('2024-01-01 10:00:00+0000', tz='UTC'),
      'BUCKETED_TIMESTAMP_MINUTE': Timestamp('2024-01-01 10:00:00+0000', tz='UTC'),
      'BUCKETED_TIMESTAMP_MONTH': Timestamp('2024-01-01 00:00:00+0000', tz='UTC'),
      'BUCKETED_TIMESTAMP_SECOND': Timestamp('2024-01-01 10:00:00+0000', tz='UTC'),
      'BUCKETED_TIMESTAMP_YEAR': Timestamp('2024-01-01 00:00:00+0000', tz='UTC'),
      <SchemaColumns.GPS_LATITUDE: 'GPS_LATITUDE'>: 37.7749,
      <SchemaColumns.GPS_LONGITUDE: 'GPS_LONGITUDE'>: -122.4194,
      <SchemaColumns.TIMESTAMP_UTC: 'TIMESTAMP_UTC'>: Timestamp('2024-01-01 10:00:00+0000', tz='UTC'),
      <SchemaColumns.UUID_STRING: 'UUID_STRING'>: 'uuid_0',
    }),
    dict({
      'BUCKETED_H3_L0': '8029fffffffffff',
      'BUCKETED_H3_L1': '81283ffffffffff',
      'BUCKETED_H3_L10': '8a2830828057fff',
      'BUCKETED_H3_L11': '8b2830828056fff',
      'BUCKETED_H3_L12': '8c28308280567ff',
      'BUCKETED_H3_L13': '8d28308280566bf',
      'BUCKETED_H3_L14': '8e2830828056697',
      'BUCKETED_H3_L15': '8f2830828056694',
      'BUCKETED_H3_L2': '822837fffffffff',
      'BUCKETED_H3_L3': '832830fffffffff',
      'BUCKETED_H3_L4': '8428309ffffffff',
      'BUCKETED_H3_L5': '85283083fffffff',
      'BUCKETED_H3_L6': '86283082fffffff',
      'BUCKETED_H3_L7': '872830828ffffff',
      'BUCKETED_H3_L8': '8828308281fffff',
      'BUCKETED_H3_L9': '89283082807ffff',
      'BUCKETED_TIMESTAMP_DAY': Timestamp('2024-01-01 00:00:00+0000', tz='UTC'),
      'BUCKETED_TIMESTAMP_HOUR': Timestamp('2024-01-01 10:00:00+0000', tz='UTC'),
      'BUCKETED_TIMESTAMP_MINUTE': Timestamp('2024-01-01 10:00:00+0000', tz='UTC'),
      'BUCKETED_TIMESTAMP_MONTH': Timestamp('2024-01-01 00:00:00+0000', tz='UTC'),
      'BUCKETED_TIMESTAMP_SECOND': Timestamp('2024-01-01 10:00:03+0000', tz='UTC'),
      'BUCKETED_TIMESTAMP_YEAR': Timestamp('2024-01-01 00:00:00+0000', tz='UTC'),
      <SchemaColumns.GPS_LATITUDE: 'GPS_LATITUDE'>: 37.7752,
      <SchemaColumns.GPS_LONGITUDE: 'GPS_LONGITUDE'>: -122.4197,
      <SchemaColumns.TIMESTAMP_UTC: 'TIMESTAMP_UTC'>: Timestamp('2024-01-01 10:00:03+0000', tz='UTC'),
      <SchemaColumns.UUID_STRING: 'UUID_STRING'>: 'uuid_3',
    }),
  ])
# ---
# name: test_update_projection_aggregated
  list([
    dict({
      'BUCKETED_H3_L0': '8029fffffffffff',
      'BUCKETED_H3_L1': '81283ffffffffff',
      'BUCKETED_H3_L10': '8a283082800ffff',
      'BUCKETED_H3_L11': '8b283082800bfff',
      'BUCKETED_H3_L12': '8c283082800b3ff',
      'BUCKETED_H3_L13': '8d283082800b3bf',
      'BUCKETED_H3_L14': '8e283082800b397',
      'BUCKETED_H3_L15': '8f283082800b390',
      'BUCKETED_H3_L2': '822837fffffffff',
      'BUCKETED_H3_L3': '832830fffffffff',
      'BUCKETED_H3_L4': '8428309ffffffff',
      'BUCKETED_H3_L5': '85283083fffffff',
      'BUCKETED_H3_L6': '86283082fffffff',
      'BUCKETED_H3_L7': '872830828ffffff',
      'BUCKETED_H3_L8': '8828308281fffff',
      'BUCKETED_H3_L9': '89283082803ffff',
      'BUCKETED_TIMESTAMP_DAY': Timestamp('2024-01-01 00:00:00+0000', tz='UTC'),
      'BUCKETED_TIMESTAMP_HOUR': Timestamp('2024-01-01 10:00:00+0000', tz='UTC'),
      'BUCKETED_TIMESTAMP_MINUTE': Timestamp('2024-01-01 10:00:00+0000', tz='UTC'),
      'BUCKETED_TIMESTAMP_MONTH': Timestamp('2024-01-01 00:00:00+0000', tz='UTC'),
      'BUCKETED_TIMESTAMP_SECOND': Timestamp('2024-01-01 10:00:00+0000', tz='UTC'),
      'BUCKETED_TIMESTAMP_YEAR': Timestamp('2024-01-01 00:00:00+0000', tz='UTC'),
      <SchemaColumns.COUNT: 'COUNT'>: 2,
      <SchemaColumns.DATA_TYPE: 'DATA_TYPE'>: <DataType.GPX_WAYPOINT: 'GPX_WAYPOINT'>,
      <SchemaColumns.GPS_LATITUDE: 'GPS_LATITUDE'>: 37.7749,
      <SchemaColumns.GPS_LONGITUDE: 'GPS_LONGITUDE'>: -122.4194,
      <SchemaColumns.TIMESTAMP_UTC: 'TIMESTAMP_UTC'>: Timestamp('2024-01-01 10:00:00+0000', tz='UTC'),
      <SchemaColumns.UUID_STRING: 'UUID_STRING'>: 'uuid_0',
    }),
    dict({
      'BUCKETED_H3_L0': '8029fffffffffff',
      'BUCKETED_H3_L1': '81283ffffffffff',
      'BUCKETED_H3_L10': '8a28308280e7fff',
      'BUCKETED_H3_L11': '8b28308280e2fff',
      'BUCKETED_H3_L12': '8c28308280e27ff',
      'BUCKETED_H3_L13': '8d28308280e277f',
      'BUCKETED_H3_L14': '8e28308280e2777',
      'BUCKETED_H3_L15': '8f28308280e2775',
      'BUCKETED_H3_L2': '822837fffffffff',
      'BUCKETED_H3_L3': '832830fffffffff',
      'BUCKETED_H3_L4': '8428309ffffffff',
      'BUCKETED_H3_L5': '85283083fffffff',
      'BUCKETED_H3_L6': '86283082fffffff',
      'BUCKETED_H3_L7': '872830828ffffff',
      'BUCKETED_H3_L8': '8828308281fffff',
      'BUCKETED_H3_L9': '8928308280fffff',
      'BUCKETED_TIMESTAMP_DAY': Timestamp('2024-01-01 00:00:00+0000', tz='UTC'),
      'BUCKETED_TIMESTAMP_HOUR': Timestamp('2024-01-01 10:00:00+0000', tz='UTC'),
      'BUCKETED_TIMESTAMP_MINUTE': Timestamp('2024-01-01 10:00:00+0000', tz='UTC'),
      'BUCKETED_TIMESTAMP_MONTH': Timestamp('2024-01-01 00:00:00+0000', tz='UTC'),
      'BUCKETED_TIMESTAMP_SECOND': Timestamp('2024-01-01 10:00:00+0000', tz='UTC'),
      'BUCKETED_TIMESTAMP_YEAR': Timestamp('2024-01-01 00:00:00+0000', tz='UTC'),
      <SchemaColumns.COUNT: 'COUNT'>: 1,
      <SchemaColumns.DATA_TYPE: 'DATA_TYPE'>: <DataType.PHOTO: 'PHOTO'>,
      <SchemaColumns.GPS_LATITUDE: 'GPS_LATITUDE'>: 37.7759,
      <SchemaColumns.GPS_LONGITUDE: 'GPS_LONGITUDE'>: -122.41839999999999,
      <SchemaColumns.TIMESTAMP_UTC: 'TIMESTAMP_UTC'>: Timestamp('2024-01-01 10:00:00+0000', tz='UTC'),
      <SchemaColumns.UUID_STRING: 'UUID_STRING'>: 'uuid_1',
    }),
    dict({
      'BUCKETED_H3_L0': '8029fffffffffff',
      'BUCKETED_H3_L1': '81283ffffffffff',
      'BUCKETED_H3_L10': '8a283082872ffff',
      'BUCKETED_H3_L11': '8b283082872cfff',
      'BUCKETED_H3_L12': '8c283082872c7ff',
      'BUCKETED_H3_L13': '8d283082872c7bf',
      'BUCKETED_H3_L14': '8e283082872c7af',
      'BUCKETED_H3_L15': '8f283082872c7ae',
      'BUCKETED_H3_L2': '822837fffffffff',
      'BUCKETED_H3_L3': '832830fffffffff',
      'BUCKETED_H3_L4': '8428309ffffffff',
      'BUCKETED_H3_L5': '85283083fffffff',
      'BUCKETED_H3_L6': '86283082fffffff',
      'BUCKETED_H3_L7': '872830828ffffff',
      'BUCKETED_H3_L8': '8828308287fffff',
      'BUCKETED_H3_L9': '89283082873ffff',
      'BUCKETED_TIMESTAMP_DAY': Timestamp('2024-01-01 00:00:00+0000', tz='UTC'),
      'BUCKETED_TIMESTAMP_HOUR': Timestamp('2024-01-01 10:00:00+0000', tz='UTC'),
      'BUCKETED_TIMESTAMP_MINUTE': Timestamp('2024-01-01 10:00:00+0000', tz='UTC'),
      'BUCKETED_TIMESTAMP_MONTH': Timestamp('2024-01-01 00:00:00+0000', tz='UTC'),
      'BUCKETED_TIMESTAMP_SECOND': Timestamp('2024-01-01 10:00:00+0000', tz='UTC'),
      'BUCKETED_TIMESTAMP_YEAR': Timestamp('2024-01-01 00:00:00+0000', tz='UTC'),
      <SchemaColumns.COUNT: 'COUNT'>: 4,
      <SchemaColumns.DATA_TYPE: 'DATA_TYPE'>: <DataType.PHOTO: 'PHOTO'>,
      <SchemaColumns.GPS_LATITUDE: 'GPS_LATITUDE'>: 37.7779,
      <SchemaColumns.GPS_LONGITUDE: 'GPS_LONGITUDE'>: -122.4164,
      <SchemaColumns.TIMESTAMP_UTC: 'TIMESTAMP_UTC'>: Timestamp('2024-01-01 10:00:00+0000', tz='UTC'),
      <SchemaColumns.UUID_STRING: 'UUID_STRING'>: 'uuid_3',
    }),
    dict({
      'BUCKETED_H3_L0': '8029fffffffffff',
      'BUCKETED_H3_L1': '81283ffffffffff',
      'BUCKETED_H3_L10': '8a2830828707fff',
      'BUCKETED_H3_L11': '8b2830828701fff',
      'BUCKETED_H3_L12': '8c28308287017ff',
      'BUCKETED_H3_L13': '8d28308287017bf',
      'BUCKETED_H3_L14': '8e2830828701797',
      'BUCKETED_H3_L15': '8f2830828701790',
      'BUCKETED_H3_L2': '822837fffffffff',
      'BUCKETED_H3_L3': '832830fffffffff',
      'BUCKETED_H3_L4': '8428309ffffffff',
      'BUCKETED_H3_L5': '85283083fffffff',
      'BUCKETED_H3_L6': '86283082fffffff',
      'BUCKETED_H3_L7': '872830828ffffff',
      'BUCKETED_H3_L8': '8828308287fffff',
      'BUCKETED_H3_L9': '89283082873ffff',
      'BUCKETED_TIMESTAMP_DAY': Timestamp('2024-01-01 00:00:00+0000', tz='UTC'),
      'BUCKETED_TIMESTAMP_HOUR': Timestamp('2024-01-01 11:00:00+0000', tz='UTC'),
      'BUCKETED_TIMESTAMP_MINUTE': Timestamp('2024-01-01 11:00:00+0000', tz='UTC'),
      'BUCKETED_TIMESTAMP_MONTH': Timestamp('2024-01-01 00:00:00+0000', tz='UTC'),
      'BUCKETED_TIMESTAMP_SECOND': Timestamp('2024-01-01 11:00:00+0000', tz='UTC'),
      'BUCKETED_TIMESTAMP_YEAR': Timestamp('2024-01-01 00:00:00+0000', tz='UTC'),
      <SchemaColumns.COUNT: 'COUNT'>: 3,
      <SchemaColumns.DATA_TYPE: 'DATA_TYPE'>: <DataType.GPX_WAYPOINT: 'GPX_WAYPOINT'>,
      <SchemaColumns.GPS_LATITUDE: 'GPS_LATITUDE'>: 37.7789,
      <SchemaColumns.GPS_LONGITUDE: 'GPS_LONGITUDE'>: -122.41539999999999,
      <SchemaColumns.TIMESTAMP_UTC: 'TIMESTAMP_UTC'>: Timestamp('2024-01-01 11:00:00+0000', tz='UTC'),
      <SchemaColumns.UUID_STRING: 'UUID_STRING'>: 'uuid_4',
    }),
    dict({
      'BUCKETED_H3_L0': '8029fffffffffff',
      'BUCKETED_H3_L1': '81283ffffffffff',
      'BUCKETED_H3_L10': '8a283082aa6ffff',
      'BUCKETED_H3_L11': '8b283082aa6efff',
      'BUCKETED_H3_L12': '8c283082aa6e1ff',
      'BUCKETED_H3_L13': '8d283082aa6e13f',
      'BUCKETED_H3_L14': '8e283082aa6e11f',
      'BUCKETED_H3_L15': '8f283082aa6e118',
      'BUCKETED_H3_L2': '822837fffffffff',
      'BUCKETED_H3_L3': '832830fffffffff',
      'BUCKETED_H3_L4': '8428309ffffffff',
      'BUCKETED_H3_L5': '85283083fffffff',
      'BUCKETED_H3_L6': '86283082fffffff',
      'BUCKETED_H3_L7': '87283082affffff',
      'BUCKETED_H3_L8': '88283082abfffff',
      'BUCKETED_H3_L9': '89283082aa7ffff',
      'BUCKETED_TIMESTAMP_DAY': Timestamp('2024-01-01 00:00:00+0000', tz='UTC'),
      'BUCKETED_TIMESTAMP_HOUR': Timestamp('2024-01-01 12:00:00+0000', tz='UTC'),
      'BUCKETED_TIMESTAMP_MINUTE': Timestamp('2024-01-01 12:00:00+0000', tz='UTC'),
      'BUCKETED_TIMESTAMP_MONTH': Timestamp('2024-01-01 00:00:00+0000', tz='UTC'),
      'BUCKETED_TIMESTAMP_SECOND': Timestamp('2024-01-01 12:00:00+0000', tz='UTC'),
      'BUCKETED_TIMESTAMP_YEAR': Timestamp('2024-01-01 00:00:00+0000', tz='UTC'),
      <SchemaColumns.COUNT: 'COUNT'>: 2,
      <SchemaColumns.DATA_TYPE: 'DATA_TYPE'>: <DataType.GPX_WAYPOINT: 'GPX_WAYPOINT'>,
      <SchemaColumns.GPS_LATITUDE: 'GPS_LATITUDE'>: 37.7849,
      <SchemaColumns.GPS_LONGITUDE: 'GPS_LONGITUDE'>: -122.40939999999999,
      <SchemaColumns.TIMESTAMP_UTC: 'TIMESTAMP_UTC'>: Timestamp('2024-01-01 12:00:00+0000', tz='UTC'),
      <SchemaColumns.UUID_STRING: 'UUID_STRING'>: 'uuid_10',
    }),
    dict({
      'BUCKETED_H3_L0': '8029fffffffffff',
      'BUCKETED_H3_L1': '81283ffffffffff',
      'BUCKETED_H3_L10': '8a283082aa47fff',
      'BUCKETED_H3_L11': '8b283082aa43fff',
      'BUCKETED_H3_L12': '8c283082aa431ff',
      'BUCKETED_H3_L13': '8d283082aa431bf',
      'BUCKETED_H3_L14': '8e283082aa43187',
      'BUCKETED_H3_L15': '8f283082aa43181',
      'BUCKETED_H3_L2': '822837fffffffff',
      'BUCKETED_H3_L3': '832830fffffffff',
      'BUCKETED_H3_L4': '8428309ffffffff',
      'BUCKETED_H3_L5': '85283083fffffff',
      'BUCKETED_H3_L6': '86283082fffffff',
      'BUCKETED_H3_L7': '87283082affffff',
      'BUCKETED_H3_L8': '88283082abfffff',
      'BUCKETED_H3_L9': '89283082aa7ffff',
      'BUCKETED_TIMESTAMP_DAY': Timestamp('2024-01-01 00:00:00+0000', tz='UTC'),
      'BUCKETED_TIMESTAMP_HOUR': Timestamp('2024-01-01 12:00:00+0000', tz='UTC'),
      'BUCKETED_TIMESTAMP_MINUTE': Timestamp('2024-01-01 12:00:00+0000', tz='UTC'),
      'BUCKETED_TIMESTAMP_MONTH': Timestamp('2024-01-01 00:00:00+0000', tz='UTC'),
      'BUCKETED_TIMESTAMP_SECOND': Timestamp('2024-01-01 12:00:00+0000', tz='UTC'),
      'BUCKETED_TIMESTAMP_YEAR': Timestamp('2024-01-01 00:00:00+0000', tz='UTC'),
      <SchemaColumns.COUNT: 'COUNT'>: 2,
      <SchemaColumns.DATA_TYPE: 'DATA_TYPE'>: <DataType.PHOTO: 'PHOTO'>,
      <SchemaColumns.GPS_LATITUDE: 'GPS_LATITUDE'>: 37.785900000000005,
      <SchemaColumns.GPS_LONGITUDE: 'GPS_LONGITUDE'>: -122.4084,
      <SchemaColumns.TIMESTAMP_UTC: 'TIMESTAMP_UTC'>: Timestamp('2024-01-01 12:00:00+0000', tz='UTC'),
      <SchemaColumns.UUID_STRING: 'UUID_STRING'>: 'uuid_11',
    }),
    dict({
      'BUCKETED_H3_L0': '8029fffffffffff',
      'BUCKETED_H3_L1': '81283ffffffffff',
      'BUCKETED_H3_L10': '8a283082a367fff',
      'BUCKETED_H3_L11': '8b283082a364fff',
      'BUCKETED_H3_L12': '8c283082a3645ff',
      'BUCKETED_H3_L13': '8d283082a36453f',
      'BUCKETED_H3_L14': '8e283082a36451f',
      'BUCKETED_H3_L15': '8f283082a36451a',
      'BUCKETED_H3_L2': '822837fffffffff',
      'BUCKETED_H3_L3': '832830fffffffff',
      'BUCKETED_H3_L4': '8428309ffffffff',
      'BUCKETED_H3_L5': '85283083fffffff',
      'BUCKETED_H3_L6': '86283082fffffff',
      'BUCKETED_H3_L7': '87283082affffff',
      'BUCKETED_H3_L8': '88283082a3fffff',
      'BUCKETED_H3_L9': '89283082aafffff',
      'BUCKETED_TIMESTAMP_DAY': Timestamp('2024-01-01 00:00:00+0000', tz='UTC'),
      'BUCKETED_TIMESTAMP_HOUR': Timestamp('2024-01-01 13:00:00+0000', tz='UTC'),
      'BUCKETED_TIMESTAMP_MINUTE': Timestamp('2024-01-01 13:00:00+0000', tz='UTC'),
      'BUCKETED_TIMESTAMP_MONTH': Timestamp('2024-01-01 00:00:00+0000', tz='UTC'),
      'BUCKETED_TIMESTAMP_SECOND': Timestamp('2024-01-01 13:00:00+0000', tz='UTC'),
      'BUCKETED_TIMESTAMP_YEAR': Timestamp('2024-01-01 00:00:00+0000', tz='UTC'),
      <SchemaColumns.COUNT: 'COUNT'>: 3,
      <SchemaColumns.DATA_TYPE: 'DATA_TYPE'>: <DataType.GPX_WAYPOINT: 'GPX_WAYPOINT'>,
      <SchemaColumns.GPS_LATITUDE: 'GPS_LATITUDE'>: 37.788900000000005,
      <SchemaColumns.GPS_LONGITUDE: 'GPS_LONGITUDE'>: -122.4054,
      <SchemaColumns.TIMESTAMP_UTC: 'TIMESTAMP_UTC'>: Timestamp('2024-01-01 13:00:00+0000', tz='UTC'),
      <SchemaColumns.UUID_STRING: 'UUID_STRING'>: 'uuid_14',
    }),
    dict({
      'BUCKETED_H3_L0': '8029fffffffffff',
      'BUCKETED_H3_L1': '81283ffffffffff',
      'BUCKETED_H3_L10': '8a283082a377fff',
      'BUCKETED_H3_L11': '8b283082a371fff',
      'BUCKETED_H3_L12': '8c283082a3715ff',
      'BUCKETED_H3_L13': '8d283082a3715bf',
      'BUCKETED_H3_L14': '8e283082a371587',
      'BUCKETED_H3_L15': '8f283082a371580',
      'BUCKETED_H3_L2': '822837fffffffff',
      'BUCKETED_H3_L3': '832830fffffffff',
      'BUCKETED_H3_L4': '8428309ffffffff',
      'BUCKETED_H3_L5': '85283083fffffff',
      'BUCKETED_H3_L6': '86283082fffffff',
      'BUCKETED_H3_L7': '87283082affffff',
      'BUCKETED_H3_L8': '88283082a3fffff',
      'BUCKETED_H3_L9': '89283082a37ffff',
      'BUCKETED_TIMESTAMP_DAY': Timestamp('2024-01-01 00:00:00+0000', tz='UTC'),
      'BUCKETED_TIMESTAMP_HOUR': Timestamp('2024-01-01 13:00:00+0000', tz='UTC'),
      'BUCKETED_TIMESTAMP_MINUTE': Timestamp('2024-01-01 13:00:00+0000', tz='UTC'),
      'BUCKETED_TIMESTAMP_MONTH': Timestamp('2024-01-01 00:00:00+0000', tz='UTC'),
      'BUCKETED_TIMESTAMP_SECOND': Timestamp('2024-01-01 13:00:00+0000', tz='UTC'),
      'BUCKETED_TIMESTAMP_YEAR': Timestamp('2024-01-01 00:00:00+0000', tz='UTC'),
      <SchemaColumns.COUNT: 'COUNT'>: 3,
      <SchemaColumns.DATA_TYPE: 'DATA_TYPE'>: <DataType.PHOTO: 'PHOTO'>,
      <SchemaColumns.GPS_LATITUDE: 'GPS_LATITUDE'>: 37.7899,
      <SchemaColumns.GPS_LONGITUDE: 'GPS_LONGITUDE'>: -122.4044,
      <SchemaColumns.TIMESTAMP_UTC: 'TIMESTAMP_UTC'>: Timestamp('2024-01-01 13:00:00+0000', tz='UTC'),
      <SchemaColumns.UUID_STRING: 'UUID_STRING'>: 'uuid_15',
    }),
  ])
# ---
