# serializer version: 1
# name: test_add_quantized_columns_missing_spatial
  dict({
    'h3_columns_present': list([
    ]),
    'present_columns': list([
      <QuantizedColumns.QUANTIZED_TIMESTAMP_DAY: 'QUANTIZED_TIMESTAMP_DAY'>,
      <QuantizedColumns.QUANTIZED_TIMESTAMP_HOUR: 'QUANTIZED_TIMESTAMP_HOUR'>,
      <QuantizedColumns.QUANTIZED_TIMESTAMP_MINUTE: 'QUANTIZED_TIMESTAMP_MINUTE'>,
      <QuantizedColumns.QUANTIZED_TIMESTAMP_MONTH: 'QUANTIZED_TIMESTAMP_MONTH'>,
      <QuantizedColumns.QUANTIZED_TIMESTAMP_SECOND: 'QUANTIZED_TIMESTAMP_SECOND'>,
      <QuantizedColumns.QUANTIZED_TIMESTAMP_YEAR: 'QUANTIZED_TIMESTAMP_YEAR'>,
      <SchemaColumns.TIMESTAMP_UTC: 'TIMESTAMP_UTC'>,
      <SchemaColumns.UUID_STRING: 'UUID_STRING'>,
    ]),
    'temporal_hour_value': '2024-01-01 10:00',
  })
# ---
# name: test_add_quantized_columns_missing_temporal
  dict({
    'h3_columns_present': list([
      'QUANTIZED_H3_L3',
      'QUANTIZED_H3_L4',
      'QUANTIZED_H3_L5',
      'QUANTIZED_H3_L6',
      'QUANTIZED_H3_L7',
      'QUANTIZED_H3_L8',
      'QUANTIZED_H3_L9',
      'QUANTIZED_H3_L10',
      'QUANTIZED_H3_L11',
      'QUANTIZED_H3_L12',
    ]),
    'h3_level_4_value': '832830fffffffff',
    'present_columns': list([
      <SchemaColumns.GPS_LATITUDE: 'GPS_LATITUDE'>,
      <SchemaColumns.GPS_LONGITUDE: 'GPS_LONGITUDE'>,
      'QUANTIZED_H3_L10',
      'QUANTIZED_H3_L11',
      'QUANTIZED_H3_L12',
      'QUANTIZED_H3_L3',
      'QUANTIZED_H3_L4',
      'QUANTIZED_H3_L5',
      'QUANTIZED_H3_L6',
      'QUANTIZED_H3_L7',
      'QUANTIZED_H3_L8',
      'QUANTIZED_H3_L9',
      <SchemaColumns.UUID_STRING: 'UUID_STRING'>,
    ]),
    'temporal_columns_present': list([
    ]),
  })
# ---
# name: test_add_quantized_columns_spatial
  dict({
    'QUANTIZED_H3_L10': list([
      '8a283082800ffff',
      '8a283082aa6ffff',
      '8a283082a28ffff',
      '8a283080cce7fff',
      '8a283080e86ffff',
      '8a283080e08ffff',
      '8a283081dae7fff',
      '8a283081d64ffff',
      '8a2830819527fff',
      '8a283081b8c7fff',
    ]),
    'QUANTIZED_H3_L11': list([
      '8b283082800bfff',
      '8b283082aa6efff',
      '8b283082a288fff',
      '8b283080cce5fff',
      '8b283080e86afff',
      '8b283080e08bfff',
      '8b283081dae3fff',
      '8b283081d64cfff',
      '8b2830819524fff',
      '8b283081b8c5fff',
    ]),
    'QUANTIZED_H3_L12': list([
      '8c283082800b3ff',
      '8c283082aa6e1ff',
      '8c283082a288dff',
      '8c283080cce57ff',
      '8c283080e86a5ff',
      '8c283080e08bdff',
      '8c283081dae3bff',
      '8c283081d64c5ff',
      '8c28308195243ff',
      '8c283081b8c5bff',
    ]),
    'QUANTIZED_H3_L3': list([
      '832830fffffffff',
      '832830fffffffff',
      '832830fffffffff',
      '832830fffffffff',
      '832830fffffffff',
      '832830fffffffff',
      '832830fffffffff',
      '832830fffffffff',
      '832830fffffffff',
      '832830fffffffff',
    ]),
    'QUANTIZED_H3_L4': list([
      '8428309ffffffff',
      '8428309ffffffff',
      '8428309ffffffff',
      '8428309ffffffff',
      '8428309ffffffff',
      '8428309ffffffff',
      '8428309ffffffff',
      '8428309ffffffff',
      '8428309ffffffff',
      '8428309ffffffff',
    ]),
    'QUANTIZED_H3_L5': list([
      '85283083fffffff',
      '85283083fffffff',
      '85283083fffffff',
      '85283083fffffff',
      '85283083fffffff',
      '85283083fffffff',
      '85283083fffffff',
      '85283083fffffff',
      '85283083fffffff',
      '85283083fffffff',
    ]),
    'QUANTIZED_H3_L6': list([
      '86283082fffffff',
      '86283082fffffff',
      '86283082fffffff',
      '86283080fffffff',
      '86283080fffffff',
      '86283080fffffff',
      '86283080fffffff',
      '86283081fffffff',
      '86283081fffffff',
      '86283081fffffff',
    ]),
    'QUANTIZED_H3_L7': list([
      '872830828ffffff',
      '87283082affffff',
      '87283082affffff',
      '87283080cffffff',
      '87283080effffff',
      '87283080effffff',
      '87283081dffffff',
      '87283081dffffff',
      '872830819ffffff',
      '87283081bffffff',
    ]),
    'QUANTIZED_H3_L8': list([
      '8828308281fffff',
      '88283082abfffff',
      '88283082a3fffff',
      '88283080cdfffff',
      '88283080e9fffff',
      '88283080e1fffff',
      '88283081dbfffff',
      '88283081d7fffff',
      '882830819dfffff',
      '88283081b9fffff',
    ]),
    'QUANTIZED_H3_L9': list([
      '89283082803ffff',
      '89283082aa7ffff',
      '89283082a2bffff',
      '89283080ccfffff',
      '89283080e87ffff',
      '89283080e0bffff',
      '89283081dafffff',
      '89283081d67ffff',
      '89283081953ffff',
      '89283081b8fffff',
    ]),
  })
# ---
# name: test_add_quantized_columns_temporal
  dict({
    <QuantizedColumns.QUANTIZED_TIMESTAMP_DAY: 'QUANTIZED_TIMESTAMP_DAY'>: list([
      '2024-01-01',
      '2024-01-01',
      '2024-01-01',
      '2024-01-01',
      '2024-01-01',
      '2024-01-01',
      '2024-01-01',
      '2024-01-01',
      '2024-01-01',
      '2024-01-01',
    ]),
    <QuantizedColumns.QUANTIZED_TIMESTAMP_HOUR: 'QUANTIZED_TIMESTAMP_HOUR'>: list([
      '2024-01-01 10:00',
      '2024-01-01 11:00',
      '2024-01-01 12:00',
      '2024-01-01 13:00',
      '2024-01-01 14:00',
      '2024-01-01 15:00',
      '2024-01-01 16:00',
      '2024-01-01 17:00',
      '2024-01-01 18:00',
      '2024-01-01 19:00',
    ]),
    <QuantizedColumns.QUANTIZED_TIMESTAMP_MINUTE: 'QUANTIZED_TIMESTAMP_MINUTE'>: list([
      '2024-01-01 10:00',
      '2024-01-01 11:00',
      '2024-01-01 12:00',
      '2024-01-01 13:00',
      '2024-01-01 14:00',
      '2024-01-01 15:00',
      '2024-01-01 16:00',
      '2024-01-01 17:00',
      '2024-01-01 18:00',
      '2024-01-01 19:00',
    ]),
    <QuantizedColumns.QUANTIZED_TIMESTAMP_MONTH: 'QUANTIZED_TIMESTAMP_MONTH'>: list([
      '2024-01',
      '2024-01',
      '2024-01',
      '2024-01',
      '2024-01',
      '2024-01',
      '2024-01',
      '2024-01',
      '2024-01',
      '2024-01',
    ]),
    <QuantizedColumns.QUANTIZED_TIMESTAMP_SECOND: 'QUANTIZED_TIMESTAMP_SECOND'>: list([
      '2024-01-01 10:00:00',
      '2024-01-01 11:00:00',
      '2024-01-01 12:00:00',
      '2024-01-01 13:00:00',
      '2024-01-01 14:00:00',
      '2024-01-01 15:00:00',
      '2024-01-01 16:00:00',
      '2024-01-01 17:00:00',
      '2024-01-01 18:00:00',
      '2024-01-01 19:00:00',
    ]),
    <QuantizedColumns.QUANTIZED_TIMESTAMP_YEAR: 'QUANTIZED_TIMESTAMP_YEAR'>: list([
      '2024',
      '2024',
      '2024',
      '2024',
      '2024',
      '2024',
      '2024',
      '2024',
      '2024',
      '2024',
    ]),
  })
# ---
