# serializer version: 1
# name: test_temporal_aggregation_aggregated
  list([
    dict({
      <SchemaColumns.COUNT: 'COUNT'>: 10,
      <SchemaColumns.DATA_TYPE: 'DATA_TYPE'>: <DataType.GPX_WAYPOINT: 'GPX_WAYPOINT'>,
      <SchemaColumns.GPS_LATITUDE: 'GPS_LATITUDE'>: 37.7749,
      <SchemaColumns.GPS_LONGITUDE: 'GPS_LONGITUDE'>: -122.4194,
      'QUANTIZED_H3_L0': '8029fffffffffff',
      'QUANTIZED_H3_L1': '81283ffffffffff',
      'QUANTIZED_H3_L10': '8a283082800ffff',
      'QUANTIZED_H3_L11': '8b283082800bfff',
      'QUANTIZED_H3_L12': '8c283082800b3ff',
      'QUANTIZED_H3_L13': '8d283082800b3bf',
      'QUANTIZED_H3_L14': '8e283082800b397',
      'QUANTIZED_H3_L15': '8f283082800b390',
      'QUANTIZED_H3_L2': '822837fffffffff',
      'QUANTIZED_H3_L3': '832830fffffffff',
      'QUANTIZED_H3_L4': '8428309ffffffff',
      'QUANTIZED_H3_L5': '85283083fffffff',
      'QUANTIZED_H3_L6': '86283082fffffff',
      'QUANTIZED_H3_L7': '872830828ffffff',
      'QUANTIZED_H3_L8': '8828308281fffff',
      'QUANTIZED_H3_L9': '89283082803ffff',
      'QUANTIZED_TIMESTAMP_DAY': Timestamp('2024-01-01 00:00:00+0000', tz='UTC'),
      'QUANTIZED_TIMESTAMP_HOUR': Timestamp('2024-01-01 10:00:00+0000', tz='UTC'),
      'QUANTIZED_TIMESTAMP_MINUTE': Timestamp('2024-01-01 10:00:00+0000', tz='UTC'),
      'QUANTIZED_TIMESTAMP_MONTH': Timestamp('2024-01-01 00:00:00+0000', tz='UTC'),
      'QUANTIZED_TIMESTAMP_SECOND': Timestamp('2024-01-01 10:00:00+0000', tz='UTC'),
      'QUANTIZED_TIMESTAMP_YEAR': Timestamp('2024-01-01 00:00:00+0000', tz='UTC'),
      <SchemaColumns.TIMESTAMP_UTC: 'TIMESTAMP_UTC'>: Timestamp('2024-01-01 10:00:00+0000', tz='UTC'),
      <SchemaColumns.UUID_STRING: 'UUID_STRING'>: 'uuid_0',
    }),
    dict({
      <SchemaColumns.COUNT: 'COUNT'>: 10,
      <SchemaColumns.DATA_TYPE: 'DATA_TYPE'>: <DataType.PHOTO: 'PHOTO'>,
      <SchemaColumns.GPS_LATITUDE: 'GPS_LATITUDE'>: 37.7759,
      <SchemaColumns.GPS_LONGITUDE: 'GPS_LONGITUDE'>: -122.41839999999999,
      'QUANTIZED_H3_L0': '8029fffffffffff',
      'QUANTIZED_H3_L1': '81283ffffffffff',
      'QUANTIZED_H3_L10': '8a28308280e7fff',
      'QUANTIZED_H3_L11': '8b28308280e2fff',
      'QUANTIZED_H3_L12': '8c28308280e27ff',
      'QUANTIZED_H3_L13': '8d28308280e277f',
      'QUANTIZED_H3_L14': '8e28308280e2777',
      'QUANTIZED_H3_L15': '8f28308280e2775',
      'QUANTIZED_H3_L2': '822837fffffffff',
      'QUANTIZED_H3_L3': '832830fffffffff',
      'QUANTIZED_H3_L4': '8428309ffffffff',
      'QUANTIZED_H3_L5': '85283083fffffff',
      'QUANTIZED_H3_L6': '86283082fffffff',
      'QUANTIZED_H3_L7': '872830828ffffff',
      'QUANTIZED_H3_L8': '8828308281fffff',
      'QUANTIZED_H3_L9': '8928308280fffff',
      'QUANTIZED_TIMESTAMP_DAY': Timestamp('2024-01-01 00:00:00+0000', tz='UTC'),
      'QUANTIZED_TIMESTAMP_HOUR': Timestamp('2024-01-01 10:00:00+0000', tz='UTC'),
      'QUANTIZED_TIMESTAMP_MINUTE': Timestamp('2024-01-01 10:00:00+0000', tz='UTC'),
      'QUANTIZED_TIMESTAMP_MONTH': Timestamp('2024-01-01 00:00:00+0000', tz='UTC'),
      'QUANTIZED_TIMESTAMP_SECOND': Timestamp('2024-01-01 10:00:00+0000', tz='UTC'),
      'QUANTIZED_TIMESTAMP_YEAR': Timestamp('2024-01-01 00:00:00+0000', tz='UTC'),
      <SchemaColumns.TIMESTAMP_UTC: 'TIMESTAMP_UTC'>: Timestamp('2024-01-01 10:00:00+0000', tz='UTC'),
      <SchemaColumns.UUID_STRING: 'UUID_STRING'>: 'uuid_1',
    }),
  ])
# ---
