# serializer version: 1
# name: test_cli_server_with_preload_jsonl
  dict({
    'all_rows_count': 100,
    'columns': list([
      'UUID_STRING',
      'DATA_TYPE',
      'NAME',
      'CAPTION',
      'SOURCE_FILE',
      'TIMESTAMP_MAYBE_TIMEZONE_AWARE',
      'TIMESTAMP_UTC',
      'GPS_LATITUDE',
      'GPS_LONGITUDE',
      'RATING_0_TO_5',
      'SIZE_IN_BYTES',
      'QUANTIZED_H3_L0',
      'QUANTIZED_H3_L1',
      'QUANTIZED_H3_L2',
      'QUANTIZED_H3_L3',
      'QUANTIZED_H3_L4',
      'QUANTIZED_H3_L5',
      'QUANTIZED_H3_L6',
      'QUANTIZED_H3_L7',
      'QUANTIZED_H3_L8',
      'QUANTIZED_H3_L9',
      'QUANTIZED_H3_L10',
      'QUANTIZED_H3_L11',
      'QUANTIZED_H3_L12',
      'QUANTIZED_H3_L13',
      'QUANTIZED_H3_L14',
      'QUANTIZED_H3_L15',
      'QUANTIZED_TIMESTAMP_SECOND',
      'QUANTIZED_TIMESTAMP_MINUTE',
      'QUANTIZED_TIMESTAMP_HOUR',
      'QUANTIZED_TIMESTAMP_DAY',
      'QUANTIZED_TIMESTAMP_MONTH',
      'QUANTIZED_TIMESTAMP_YEAR',
    ]),
    'filter_ratio': 1.0,
    'filtered_count': 100,
    'filtered_rows_count': 100,
    'geo_projection': dict({
      'current_bucketing_column': None,
      'h3_level': None,
      'is_aggregated': False,
      'max_rows': 100000,
      'projection_rows': 100,
      'target_column': None,
    }),
    'has_data': True,
    'memory_usage': '0.15 MB',
    'row_count': 100,
    'shape': list([
      100,
      33,
    ]),
    'status': 'loaded',
    'temporal_projection': dict({
      'aggregation_level': None,
      'current_bucketing_column': None,
      'is_aggregated': False,
      'max_rows': 100000,
      'projection_rows': 100,
      'target_column': None,
    }),
  })
# ---
