# serializer version: 1
# name: test_filter_df_ids_endpoint_direct
  dict({
    'filter_state': dict({
      'all_rows_count': 100,
      'columns': list([
        'UUID_STRING',
        'DATA_TYPE',
        'NAME',
        'CAPTION',
        'SOURCE_FILE',
        'TIMESTAMP_MAYBE_TIMEZONE_AWARE',
        'TIMESTAMP_UTC',
        'GPS_LATITUDE',
        'GPS_LONGITUDE',
        'RATING_0_TO_5',
        'SIZE_IN_BYTES',
        'QUANTIZED_TIMESTAMP_SECOND',
        'QUANTIZED_TIMESTAMP_MINUTE',
        'QUANTIZED_TIMESTAMP_HOUR',
        'QUANTIZED_TIMESTAMP_DAY',
        'QUANTIZED_TIMESTAMP_MONTH',
        'QUANTIZED_TIMESTAMP_YEAR',
      ]),
      'filtered_count': 10,
      'filtered_rows_count': 10,
      'geo_projection': dict({
        'current_bucketing_column': None,
        'groupby_column': 'DATA_TYPE',
        'h3_level': None,
        'is_aggregated': False,
        'max_rows': 10000,
        'projection_rows': 10,
        'target_column': None,
      }),
      'has_data': True,
      'memory_usage_mb': '0.04',
      'row_count': 100,
      'temporal_projection': dict({
        'aggregation_level': None,
        'current_bucketing_column': None,
        'groupby_column': 'DATA_TYPE',
        'is_aggregated': False,
        'max_rows': 10000,
        'projection_rows': 10,
      }),
    }),
    'success': True,
  })
# ---
