# serializer version: 1
# name: test_ingest_google_takeout_cli
  list([
    dict({
      'BUCKETED_H3_L0': '8029fffffffffff',
      'BUCKETED_H3_L1': '81283ffffffffff',
      'BUCKETED_H3_L10': '8a283082800ffff',
      'BUCKETED_H3_L11': '8b283082800bfff',
      'BUCKETED_H3_L12': '8c283082800b3ff',
      'BUCKETED_H3_L13': '8d283082800b3bf',
      'BUCKETED_H3_L14': '8e283082800b397',
      'BUCKETED_H3_L15': '8f283082800b390',
      'BUCKETED_H3_L2': '822837fffffffff',
      'BUCKETED_H3_L3': '832830fffffffff',
      'BUCKETED_H3_L4': '8428309ffffffff',
      'BUCKETED_H3_L5': '85283083fffffff',
      'BUCKETED_H3_L6': '86283082fffffff',
      'BUCKETED_H3_L7': '872830828ffffff',
      'BUCKETED_H3_L8': '8828308281fffff',
      'BUCKETED_H3_L9': '89283082803ffff',
      'DATA_TYPE': 'GOOGLE_TAKEOUT_LOCATION',
      'GPS_LATITUDE': 37.7749,
      'GPS_LONGITUDE': -122.4194,
      'SOURCE_FILE': 'Records.json',
      'TIMESTAMP_MAYBE_TIMEZONE_AWARE': '2022-01-12T17:18:24.190Z',
      'TIMESTAMP_UTC': Timestamp('2022-01-12 17:18:24.190000+0000', tz='UTC'),
    }),
    dict({
      'BUCKETED_H3_L0': '8029fffffffffff',
      'BUCKETED_H3_L1': '81283ffffffffff',
      'BUCKETED_H3_L10': '8a283082800ffff',
      'BUCKETED_H3_L11': '8b283082800bfff',
      'BUCKETED_H3_L12': '8c283082800b3ff',
      'BUCKETED_H3_L13': '8d283082800b2ff',
      'BUCKETED_H3_L14': '8e283082800b2c7',
      'BUCKETED_H3_L15': '8f283082800b2c3',
      'BUCKETED_H3_L2': '822837fffffffff',
      'BUCKETED_H3_L3': '832830fffffffff',
      'BUCKETED_H3_L4': '8428309ffffffff',
      'BUCKETED_H3_L5': '85283083fffffff',
      'BUCKETED_H3_L6': '86283082fffffff',
      'BUCKETED_H3_L7': '872830828ffffff',
      'BUCKETED_H3_L8': '8828308281fffff',
      'BUCKETED_H3_L9': '89283082803ffff',
      'DATA_TYPE': 'GOOGLE_TAKEOUT_LOCATION',
      'GPS_LATITUDE': 37.775,
      'GPS_LONGITUDE': -122.4195,
      'SOURCE_FILE': 'Records.json',
      'TIMESTAMP_MAYBE_TIMEZONE_AWARE': '2022-01-12T17:23:24.000Z',
      'TIMESTAMP_UTC': Timestamp('2022-01-12 17:23:24+0000', tz='UTC'),
    }),
    dict({
      'BUCKETED_H3_L0': '8029fffffffffff',
      'BUCKETED_H3_L1': '81283ffffffffff',
      'BUCKETED_H3_L10': '8a2830828057fff',
      'BUCKETED_H3_L11': '8b2830828056fff',
      'BUCKETED_H3_L12': '8c28308280565ff',
      'BUCKETED_H3_L13': '8d28308280564bf',
      'BUCKETED_H3_L14': '8e283082805648f',
      'BUCKETED_H3_L15': '8f2830828056488',
      'BUCKETED_H3_L2': '822837fffffffff',
      'BUCKETED_H3_L3': '832830fffffffff',
      'BUCKETED_H3_L4': '8428309ffffffff',
      'BUCKETED_H3_L5': '85283083fffffff',
      'BUCKETED_H3_L6': '86283082fffffff',
      'BUCKETED_H3_L7': '872830828ffffff',
      'BUCKETED_H3_L8': '8828308281fffff',
      'BUCKETED_H3_L9': '89283082807ffff',
      'DATA_TYPE': 'GOOGLE_TAKEOUT_LOCATION',
      'GPS_LATITUDE': 37.7751,
      'GPS_LONGITUDE': -122.4196,
      'SOURCE_FILE': 'Records.json',
      'TIMESTAMP_MAYBE_TIMEZONE_AWARE': '2022-01-12T17:28:24.500Z',
      'TIMESTAMP_UTC': Timestamp('2022-01-12 17:28:24.500000+0000', tz='UTC'),
    }),
  ])
# ---
