# serializer version: 1
# name: test_thad_ingest_dev_data
  list([
    dict({
      'BUCKETED_H3_L0': '8029fffffffffff',
      'BUCKETED_H3_L1': '81283ffffffffff',
      'BUCKETED_H3_L10': '8a283082800ffff',
      'BUCKETED_H3_L11': '8b283082800bfff',
      'BUCKETED_H3_L12': '8c283082800b3ff',
      'BUCKETED_H3_L13': '8d283082800b3bf',
      'BUCKETED_H3_L14': '8e283082800b397',
      'BUCKETED_H3_L15': '8f283082800b390',
      'BUCKETED_H3_L2': '822837fffffffff',
      'BUCKETED_H3_L3': '832830fffffffff',
      'BUCKETED_H3_L4': '8428309ffffffff',
      'BUCKETED_H3_L5': '85283083fffffff',
      'BUCKETED_H3_L6': '86283082fffffff',
      'BUCKETED_H3_L7': '872830828ffffff',
      'BUCKETED_H3_L8': '8828308281fffff',
      'BUCKETED_H3_L9': '89283082803ffff',
      'DATA_TYPE': 'GPX_TRACKPOINT',
      'GPS_LATITUDE': 37.7749,
      'GPS_LONGITUDE': -122.4194,
      'SOURCE_FILE': 'test.gpx',
      'TIMESTAMP_MAYBE_TIMEZONE_AWARE': '2023-01-01T12:00:00+00:00',
      'TIMESTAMP_UTC': Timestamp('2023-01-01 12:00:00+0000', tz='UTC'),
      'UUID': b'\xf5\x0c\xa1\xb8N\xf2Rw\xf2\x04\xea\xd8\xff\x90\x01\x0b',
    }),
  ])
# ---
