# serializer version: 1
# name: test_load_lightroom_catalog_with_config
  list([
    dict({
      <SchemaColumns.CAPTION: 'CAPTION'>: 'The Golden Gate Bridge in San Francisco, CA at sunset.',
      <SchemaColumns.DATA_TYPE: 'DATA_TYPE'>: <DataType.PHOTO: 'PHOTO'>,
      <SchemaColumns.GPS_LATITUDE: 'GPS_LATITUDE'>: 37.82686602640833,
      <SchemaColumns.GPS_LONGITUDE: 'GPS_LONGITUDE'>: -122.48635834924333,
      <SchemaColumns.NAME: 'NAME'>: 'GoldenGateBridge-001.jpg',
      <SchemaColumns.RATING_0_TO_5: 'RATING_0_TO_5'>: 3,
      <SchemaColumns.SIZE_IN_BYTES: 'SIZE_IN_BYTES'>: None,
      <SchemaColumns.SOURCE_FILE: 'SOURCE_FILE'>: '/Users/thad/Library/CloudStorage/Dropbox/thad/gdrive/src/monorepo/thad/lightroom/db_reader/testdata/test_photos/GoldenGateBridge-001.jpg',
      <SchemaColumns.TIMESTAMP_MAYBE_TIMEZONE_AWARE: 'TIMESTAMP_MAYBE_TIMEZONE_AWARE'>: '2007-01-01T16:41:36',
      <SchemaColumns.TIMESTAMP_UTC: 'TIMESTAMP_UTC'>: Timestamp('2007-01-01 16:41:36+0000', tz='UTC'),
      <SchemaColumns.UUID_STRING: 'UUID_STRING'>: '23868311-03F0-4F5E-BE52-EDCEE9DEDBE9',
    }),
    dict({
      <SchemaColumns.CAPTION: 'CAPTION'>: None,
      <SchemaColumns.DATA_TYPE: 'DATA_TYPE'>: <DataType.PHOTO: 'PHOTO'>,
      <SchemaColumns.GPS_LATITUDE: 'GPS_LATITUDE'>: 48.13746461620167,
      <SchemaColumns.GPS_LONGITUDE: 'GPS_LONGITUDE'>: 11.575437771163333,
      <SchemaColumns.NAME: 'NAME'>: '1200px-Rathaus_and_Marienplatz_from_Peterskirche_-_August_2006.jpg',
      <SchemaColumns.RATING_0_TO_5: 'RATING_0_TO_5'>: 3,
      <SchemaColumns.SIZE_IN_BYTES: 'SIZE_IN_BYTES'>: None,
      <SchemaColumns.SOURCE_FILE: 'SOURCE_FILE'>: '/Users/thad/Library/CloudStorage/Dropbox/thad/gdrive/src/monorepo/thad/lightroom/db_reader/testdata/test_photos/1200px-Rathaus_and_Marienplatz_from_Peterskirche_-_August_2006.jpg',
      <SchemaColumns.TIMESTAMP_MAYBE_TIMEZONE_AWARE: 'TIMESTAMP_MAYBE_TIMEZONE_AWARE'>: '2020-06-01T01:45:58',
      <SchemaColumns.TIMESTAMP_UTC: 'TIMESTAMP_UTC'>: Timestamp('2020-06-01 01:45:58+0000', tz='UTC'),
      <SchemaColumns.UUID_STRING: 'UUID_STRING'>: '33F0B4A2-9236-46F2-931C-8413E20B511F',
    }),
    dict({
      <SchemaColumns.CAPTION: 'CAPTION'>: None,
      <SchemaColumns.DATA_TYPE: 'DATA_TYPE'>: <DataType.PHOTO: 'PHOTO'>,
      <SchemaColumns.GPS_LATITUDE: 'GPS_LATITUDE'>: nan,
      <SchemaColumns.GPS_LONGITUDE: 'GPS_LONGITUDE'>: nan,
      <SchemaColumns.NAME: 'NAME'>: 'Martin_Luther_King,_Jr..jpg',
      <SchemaColumns.RATING_0_TO_5: 'RATING_0_TO_5'>: 5,
      <SchemaColumns.SIZE_IN_BYTES: 'SIZE_IN_BYTES'>: None,
      <SchemaColumns.SOURCE_FILE: 'SOURCE_FILE'>: '/Users/thad/Library/CloudStorage/Dropbox/thad/gdrive/src/monorepo/thad/lightroom/db_reader/testdata/test_photos/Martin_Luther_King,_Jr..jpg',
      <SchemaColumns.TIMESTAMP_MAYBE_TIMEZONE_AWARE: 'TIMESTAMP_MAYBE_TIMEZONE_AWARE'>: '2020-06-01T01:50:02',
      <SchemaColumns.TIMESTAMP_UTC: 'TIMESTAMP_UTC'>: Timestamp('2020-06-01 01:50:02+0000', tz='UTC'),
      <SchemaColumns.UUID_STRING: 'UUID_STRING'>: '64560483-B9B4-4A77-9E8D-983CB6EB8DD4',
    }),
    dict({
      <SchemaColumns.CAPTION: 'CAPTION'>: None,
      <SchemaColumns.DATA_TYPE: 'DATA_TYPE'>: <DataType.PHOTO: 'PHOTO'>,
      <SchemaColumns.GPS_LATITUDE: 'GPS_LATITUDE'>: nan,
      <SchemaColumns.GPS_LONGITUDE: 'GPS_LONGITUDE'>: nan,
      <SchemaColumns.NAME: 'NAME'>: '1200px-The_Earth_seen_from_Apollo_17.jpg',
      <SchemaColumns.RATING_0_TO_5: 'RATING_0_TO_5'>: 0,
      <SchemaColumns.SIZE_IN_BYTES: 'SIZE_IN_BYTES'>: None,
      <SchemaColumns.SOURCE_FILE: 'SOURCE_FILE'>: '/Users/thad/Library/CloudStorage/Dropbox/thad/gdrive/src/monorepo/thad/lightroom/db_reader/testdata/test_photos/1200px-The_Earth_seen_from_Apollo_17.jpg',
      <SchemaColumns.TIMESTAMP_MAYBE_TIMEZONE_AWARE: 'TIMESTAMP_MAYBE_TIMEZONE_AWARE'>: '2020-06-01T01:51:36',
      <SchemaColumns.TIMESTAMP_UTC: 'TIMESTAMP_UTC'>: Timestamp('2020-06-01 01:51:36+0000', tz='UTC'),
      <SchemaColumns.UUID_STRING: 'UUID_STRING'>: '8CE5D4D3-AB53-4E82-B73E-3A555DD4D622',
    }),
    dict({
      <SchemaColumns.CAPTION: 'CAPTION'>: None,
      <SchemaColumns.DATA_TYPE: 'DATA_TYPE'>: <DataType.PHOTO: 'PHOTO'>,
      <SchemaColumns.GPS_LATITUDE: 'GPS_LATITUDE'>: nan,
      <SchemaColumns.GPS_LONGITUDE: 'GPS_LONGITUDE'>: nan,
      <SchemaColumns.NAME: 'NAME'>: 'Hermann_Hesse_2.jpg',
      <SchemaColumns.RATING_0_TO_5: 'RATING_0_TO_5'>: 4,
      <SchemaColumns.SIZE_IN_BYTES: 'SIZE_IN_BYTES'>: None,
      <SchemaColumns.SOURCE_FILE: 'SOURCE_FILE'>: '/Users/thad/Library/CloudStorage/Dropbox/thad/gdrive/src/monorepo/thad/lightroom/db_reader/testdata/test_photos/Hermann_Hesse_2.jpg',
      <SchemaColumns.TIMESTAMP_MAYBE_TIMEZONE_AWARE: 'TIMESTAMP_MAYBE_TIMEZONE_AWARE'>: '2020-06-01T01:49:28',
      <SchemaColumns.TIMESTAMP_UTC: 'TIMESTAMP_UTC'>: Timestamp('2020-06-01 01:49:28+0000', tz='UTC'),
      <SchemaColumns.UUID_STRING: 'UUID_STRING'>: 'AD90B5AD-B5E3-4D9A-8234-D9F87A9E40FA',
    }),
  ])
# ---
