# serializer version: 1
# name: test_parse_timezone_aware_timestamps
  list([
    dict({
      <SchemaColumns.TIMESTAMP_MAYBE_TIMEZONE_AWARE: 'TIMESTAMP_MAYBE_TIMEZONE_AWARE'>: '2007-01-01T16:41:36',
      <SchemaColumns.TIMESTAMP_UTC: 'TIMESTAMP_UTC'>: '2007-01-01 16:41:36+0000',
      <SchemaColumns.UUID_STRING: 'UUID_STRING'>: '23868311-03F0-4F5E-BE52-EDCEE9DEDBE9',
    }),
    dict({
      <SchemaColumns.TIMESTAMP_MAYBE_TIMEZONE_AWARE: 'TIMESTAMP_MAYBE_TIMEZONE_AWARE'>: '2020-06-01T01:45:58Z',
      <SchemaColumns.TIMESTAMP_UTC: 'TIMESTAMP_UTC'>: '2020-06-01 01:45:58+0000',
      <SchemaColumns.UUID_STRING: 'UUID_STRING'>: '33F0B4A2-9236-46F2-931C-8413E20B511F',
    }),
    dict({
      <SchemaColumns.TIMESTAMP_MAYBE_TIMEZONE_AWARE: 'TIMESTAMP_MAYBE_TIMEZONE_AWARE'>: None,
      <SchemaColumns.TIMESTAMP_UTC: 'TIMESTAMP_UTC'>: nan,
      <SchemaColumns.UUID_STRING: 'UUID_STRING'>: '62E69C3E-A678-486C-AA0E-D287209754CD',
    }),
    dict({
      <SchemaColumns.TIMESTAMP_MAYBE_TIMEZONE_AWARE: 'TIMESTAMP_MAYBE_TIMEZONE_AWARE'>: '2020-06-01T01:50:02-07:00',
      <SchemaColumns.TIMESTAMP_UTC: 'TIMESTAMP_UTC'>: '2020-06-01 08:50:02+0000',
      <SchemaColumns.UUID_STRING: 'UUID_STRING'>: '64560483-B9B4-4A77-9E8D-983CB6EB8DD4',
    }),
    dict({
      <SchemaColumns.TIMESTAMP_MAYBE_TIMEZONE_AWARE: 'TIMESTAMP_MAYBE_TIMEZONE_AWARE'>: '2020-06-01T01:51:36',
      <SchemaColumns.TIMESTAMP_UTC: 'TIMESTAMP_UTC'>: '2020-06-01 01:51:36+0000',
      <SchemaColumns.UUID_STRING: 'UUID_STRING'>: '8CE5D4D3-AB53-4E82-B73E-3A555DD4D622',
    }),
    dict({
      <SchemaColumns.TIMESTAMP_MAYBE_TIMEZONE_AWARE: 'TIMESTAMP_MAYBE_TIMEZONE_AWARE'>: '2020-06-01T01:49:28+01:00',
      <SchemaColumns.TIMESTAMP_UTC: 'TIMESTAMP_UTC'>: '2020-06-01 00:49:28+0000',
      <SchemaColumns.UUID_STRING: 'UUID_STRING'>: 'AD90B5AD-B5E3-4D9A-8234-D9F87A9E40FA',
    }),
  ])
# ---
